21:26:55 **** Build of configuration Debug for project ddr_hdmi_100mhz ****
make all 
make --no-print-directory pre-build
a9-linaro-pre-build-step
' '
make --no-print-directory main-build
'Building file: ../src/dynclk/dynclk.c'
'Invoking: ARM v7 gcc compiler'
arm-none-eabi-gcc -Wall -O0 -g3 -c -fmessage-length=0 -MT"src/dynclk/dynclk.o" -mcpu=cortex-a9 -mfpu=vfpv3 -mfloat-abi=hard -IC:/Users/Saad/Desktop/check/ddr_hdmi_100mhz/100mhz_ethernet/export/100mhz_ethernet/sw/100mhz_ethernet/standalone_ps7_cortexa9_0/bspinclude/include -MMD -MP -MF"src/dynclk/dynclk.d" -MT"src/dynclk/dynclk.o" -o "src/dynclk/dynclk.o" "../src/dynclk/dynclk.c"
'Finished building: ../src/dynclk/dynclk.c'
' '
'Building file: ../src/display_ctrl/display_ctrl.c'
'Invoking: ARM v7 gcc compiler'
arm-none-eabi-gcc -Wall -O0 -g3 -c -fmessage-length=0 -MT"src/display_ctrl/display_ctrl.o" -mcpu=cortex-a9 -mfpu=vfpv3 -mfloat-abi=hard -IC:/Users/Saad/Desktop/check/ddr_hdmi_100mhz/100mhz_ethernet/export/100mhz_ethernet/sw/100mhz_ethernet/standalone_ps7_cortexa9_0/bspinclude/include -MMD -MP -MF"src/display_ctrl/display_ctrl.d" -MT"src/display_ctrl/display_ctrl.o" -o "src/display_ctrl/display_ctrl.o" "../src/display_ctrl/display_ctrl.c"
'Finished building: ../src/display_ctrl/display_ctrl.c'
' '
'Building file: ../src/display_demo.c'
'Invoking: ARM v7 gcc compiler'
arm-none-eabi-gcc -Wall -O0 -g3 -c -fmessage-length=0 -MT"src/display_demo.o" -mcpu=cortex-a9 -mfpu=vfpv3 -mfloat-abi=hard -IC:/Users/Saad/Desktop/check/ddr_hdmi_100mhz/100mhz_ethernet/export/100mhz_ethernet/sw/100mhz_ethernet/standalone_ps7_cortexa9_0/bspinclude/include -MMD -MP -MF"src/display_demo.d" -MT"src/display_demo.o" -o "src/display_demo.o" "../src/display_demo.c"
'Finished building: ../src/display_demo.c'
' '
'Building file: ../src/platform.c'
'Invoking: ARM v7 gcc compiler'
arm-none-eabi-gcc -Wall -O0 -g3 -c -fmessage-length=0 -MT"src/platform.o" -mcpu=cortex-a9 -mfpu=vfpv3 -mfloat-abi=hard -IC:/Users/Saad/Desktop/check/ddr_hdmi_100mhz/100mhz_ethernet/export/100mhz_ethernet/sw/100mhz_ethernet/standalone_ps7_cortexa9_0/bspinclude/include -MMD -MP -MF"src/platform.d" -MT"src/platform.o" -o "src/platform.o" "../src/platform.c"
'Finished building: ../src/platform.c'
' '
'Building target: ddr_hdmi_100mhz.elf'
'Invoking: ARM v7 gcc linker'
arm-none-eabi-gcc -mcpu=cortex-a9 -mfpu=vfpv3 -mfloat-abi=hard -Wl,-build-id=none -specs=Xilinx.spec -Wl,-T -Wl,../src/lscript.ld -LC:/Users/Saad/Desktop/check/ddr_hdmi_100mhz/100mhz_ethernet/export/100mhz_ethernet/sw/100mhz_ethernet/standalone_ps7_cortexa9_0/bsplib/lib -o "ddr_hdmi_100mhz.elf"  ./src/dynclk/dynclk.o  ./src/display_ctrl/display_ctrl.o  ./src/display_demo.o ./src/platform.o   -Wl,--start-group,-lxil,-lgcc,-lc,--end-group
'Finished building target: ddr_hdmi_100mhz.elf'
' '
'Invoking: ARM v7 Print Size'
arm-none-eabi-size ddr_hdmi_100mhz.elf  |tee "ddr_hdmi_100mhz.elf.size"
   text	   data	    bss	    dec	    hex	filename
2818317	   1280	11084608	13904205	 d4294d	ddr_hdmi_100mhz.elf
'Finished building: ddr_hdmi_100mhz.elf.size'
' '

21:27:01 Build Finished (took 6s.319ms)

