Nothing to build in platform 'ethernet'

13:10:45 **** Incremental Build of configuration Debug for project ethernet_2021 ****
make all 
make --no-print-directory pre-build
a9-linaro-pre-build-step
' '
make --no-print-directory main-build
'Building file: ../src/echo.c'
'Invoking: ARM v7 gcc compiler'
arm-none-eabi-gcc -Wall -O0 -g3 -c -fmessage-length=0 -MT"src/echo.o" -mcpu=cortex-a9 -mfpu=vfpv3 -mfloat-abi=hard -IC:/Users/Saad/Desktop/stingray/ethernet/export/ethernet/sw/ethernet/standalone_ps7_cortexa9_0/bspinclude/include -MMD -MP -MF"src/echo.d" -MT"src/echo.o" -o "src/echo.o" "../src/echo.c"
'Finished building: ../src/echo.c'
' '
'Building target: ethernet_2021.elf'
'Invoking: ARM v7 gcc linker'
arm-none-eabi-gcc -mcpu=cortex-a9 -mfpu=vfpv3 -mfloat-abi=hard -Wl,-build-id=none -specs=Xilinx.spec -Wl,-T -Wl,../src/lscript.ld -LC:/Users/Saad/Desktop/stingray/ethernet/export/ethernet/sw/ethernet/standalone_ps7_cortexa9_0/bsplib/lib -o "ethernet_2021.elf"  ./src/echo.o ./src/i2c_access.o ./src/iic_phyreset.o ./src/main.o ./src/platform.o ./src/platform_mb.o ./src/platform_ppc.o ./src/platform_zynq.o ./src/platform_zynqmp.o ./src/sfp.o ./src/si5324.o  ./.metadata/.plugins/org.eclipse.cdt.make.core/specs.o   -Wl,--start-group,-lxil,-lgcc,-lc,--end-group -Wl,--start-group,-lxil,-llwip4,-lgcc,-lc,--end-group
'Finished building target: ethernet_2021.elf'
' '
'Invoking: ARM v7 Print Size'
arm-none-eabi-size ethernet_2021.elf  |tee "ethernet_2021.elf.size"
   text	   data	    bss	    dec	    hex	filename
 112342	   3044	7112192	7227578	 6e48ba	ethernet_2021.elf
'Finished building: ethernet_2021.elf.size'
' '
